src/controllers/certificateController.ts(17,54): error TS2769: No overload matches this call.
  Overload 1 of 4, '(filter?: _QueryFilter<{ errors: ValidationError; get: { <T extends string | number | symbol>(path: T, type?: any, options?: any): any; (path: string, type?: any, options?: any): any; }; issueDate: Date; ... 273 more ...; "user.validateAll": (validators: (RegExp | ... 1 more ... | Validator<...>)[]) => ObjectId; }> | undefined, projection?: ProjectionType<...> | ... 1 more ... | undefined, options?: (QueryOptions<...> & Abortable) | ... 1 more ... | undefined): Query<...>', gave the following error.
    Type 'ObjectId | undefined' is not assignable to type 'Condition<ApplyBasicQueryCasting<ObjectId>> | undefined'.
      Type 'ObjectId' is not assignable to type 'Condition<ApplyBasicQueryCasting<ObjectId>> | undefined'.
        Type 'ObjectId' is not assignable to type 'FilterOperators<ObjectId | ObjectId[] | null>'.
          Types of property 'id' are incompatible.
            Type 'Uint8Array<ArrayBufferLike>' is not assignable to type 'undefined'.
  Overload 2 of 4, '(filter?: Query<any, any, {}, unknown, "find", Record<string, never>> | undefined, projection?: ProjectionType<ICertificate> | null | undefined, options?: (QueryOptions<...> & Abortable) | ... 1 more ... | undefined): Query<...>', gave the following error.
    Object literal may only specify known properties, and 'user' does not exist in type 'Query<any, any, {}, unknown, "find", Record<string, never>>'.
src/controllers/certificateController.ts(26,7): error TS2769: No overload matches this call.
  Overload 1 of 5, '(docs: { user?: { readonly schemaName?: "ObjectId" | undefined; auto?: ((turnOn: boolean) => ObjectId) | undefined; $conditionalHandlers?: { [x: string]: ((val: any, context: any) => any) | undefined; } | undefined; ... 23 more ...; validateAll?: ((validators: (RegExp | ... 1 more ... | Validator<...>)[]) => ObjectId) | undefined; } | undefined; ... 59 more ...; validateSync?: { ...; } | undefined; }[], options?: CreateOptions | undefined): Promise<...>', gave the following error.
    Object literal may only specify known properties, and 'user' does not exist in type '{ user?: { readonly schemaName?: "ObjectId" | undefined; auto?: ((turnOn: boolean) => ObjectId) | undefined; $conditionalHandlers?: { [x: string]: ((val: any, context: any) => any) | undefined; } | undefined; ... 23 more ...; validateAll?: ((validators: (RegExp | ... 1 more ... | Validator<...>)[]) => ObjectId) | un...'.
  Overload 2 of 5, '(doc: { user?: { readonly schemaName?: "ObjectId" | undefined; auto?: ((turnOn: boolean) => ObjectId) | undefined; $conditionalHandlers?: { [x: string]: ((val: any, context: any) => any) | undefined; } | undefined; ... 23 more ...; validateAll?: ((validators: (RegExp | ... 1 more ... | Validator<...>)[]) => ObjectId) | undefined; } | undefined; ... 59 more ...; validateSync?: { ...; } | undefined; }): Promise<...>', gave the following error.
    Type 'ObjectId | undefined' is not assignable to type '{ readonly schemaName?: "ObjectId" | undefined; auto?: ((turnOn: boolean) => ObjectId) | undefined; $conditionalHandlers?: { [x: string]: ((val: any, context: any) => any) | undefined; } | undefined; ... 23 more ...; validateAll?: ((validators: (RegExp | ... 1 more ... | Validator<...>)[]) => ObjectId) | undefined; ...'.
      Type 'ObjectId' has no properties in common with type '{ readonly schemaName?: "ObjectId" | undefined; auto?: ((turnOn: boolean) => ObjectId) | undefined; $conditionalHandlers?: { [x: string]: ((val: any, context: any) => any) | undefined; } | undefined; ... 23 more ...; validateAll?: ((validators: (RegExp | ... 1 more ... | Validator<...>)[]) => ObjectId) | undefined; }'.
  Overload 3 of 5, '(...docs: { user?: { readonly schemaName?: "ObjectId" | undefined; auto?: ((turnOn: boolean) => ObjectId) | undefined; $conditionalHandlers?: { [x: string]: ((val: any, context: any) => any) | undefined; } | undefined; ... 23 more ...; validateAll?: ((validators: (RegExp | ... 1 more ... | Validator<...>)[]) => ObjectId) | undefined; } | undefined; ... 59 more ...; validateSync?: { ...; } | undefined; }[]): Promise<...>', gave the following error.
    Type 'ObjectId | undefined' is not assignable to type '{ readonly schemaName?: "ObjectId" | undefined; auto?: ((turnOn: boolean) => ObjectId) | undefined; $conditionalHandlers?: { [x: string]: ((val: any, context: any) => any) | undefined; } | undefined; ... 23 more ...; validateAll?: ((validators: (RegExp | ... 1 more ... | Validator<...>)[]) => ObjectId) | undefined; ...'.
      Type 'ObjectId' has no properties in common with type '{ readonly schemaName?: "ObjectId" | undefined; auto?: ((turnOn: boolean) => ObjectId) | undefined; $conditionalHandlers?: { [x: string]: ((val: any, context: any) => any) | undefined; } | undefined; ... 23 more ...; validateAll?: ((validators: (RegExp | ... 1 more ... | Validator<...>)[]) => ObjectId) | undefined; }'.
src/controllers/certificateController.ts(31,66): error TS2339: Property '_id' does not exist on type 'never'.
src/utils/jwt.ts(11,14): error TS2769: No overload matches this call.
  Overload 1 of 5, '(payload: string | object | Buffer<ArrayBufferLike>, secretOrPrivateKey: null, options?: (SignOptions & { algorithm: "none"; }) | undefined): string', gave the following error.
    Argument of type 'string' is not assignable to parameter of type 'null'.
  Overload 2 of 5, '(payload: string | object | Buffer<ArrayBufferLike>, secretOrPrivateKey: Buffer<ArrayBufferLike> | Secret | PrivateKeyInput | JsonWebKeyInput, options?: SignOptions | undefined): string', gave the following error.
    Type 'string' is not assignable to type 'number | StringValue | undefined'.
  Overload 3 of 5, '(payload: string | object | Buffer<ArrayBufferLike>, secretOrPrivateKey: Buffer<ArrayBufferLike> | Secret | PrivateKeyInput | JsonWebKeyInput, callback: SignCallback): void', gave the following error.
    Object literal may only specify known properties, and 'expiresIn' does not exist in type 'SignCallback'.
src/utils/logger.ts(1,50): error TS2307: Cannot find module 'winston' or its corresponding type declarations.
src/utils/logger.ts(15,29): error TS7031: Binding element 'level' implicitly has an 'any' type.
src/utils/logger.ts(15,36): error TS7031: Binding element 'message' implicitly has an 'any' type.
src/utils/logger.ts(15,45): error TS7031: Binding element 'timestamp' implicitly has an 'any' type.
src/utils/logger.ts(15,56): error TS7031: Binding element 'stack' implicitly has an 'any' type.
src/utils/logger.ts(64,12): error TS7006: Parameter 'info' implicitly has an 'any' type.
